
There are no discarded input sections

Memory Configuration

Name             Origin             Length             Attributes
FLASH            0x08000000         0x00100000         xr
RAM              0x20000000         0x00020000         xrw
*default*        0x00000000         0xffffffff

Linker script and memory map


.vectors        0x08000000       0x5c
 *(.vectors)
 .vectors       0x08000000       0x5c startup.o
                0x08000000                vector_table

.text           0x0800005c     0x120f
 *(.text)
 .text          0x0800005c      0x1d4 gpio.o
                0x0800005c                gpio_init_pin
                0x080001c4                gpio_write_pin
                0x08000208                gpio_read_pin
 .text          0x08000230       0x18 interrupts.o
                0x08000230                EXTI0_IRQHandler
 .text          0x08000248      0x4b0 lcd.o
                0x08000324                lcd_command
                0x08000380                lcd_init
                0x08000454                lcd_write_char
                0x080004b0                lcd_clear_screen
                0x080004c4                lcd_write_string
                0x080004ee                lcd_home
                0x08000502                lcd_write_int
                0x080005cc                lcd_write_uint
                0x08000664                lcd_set_cursor
                0x080006c6                lcd_delay_ms
 .text          0x080006f8       0x90 led.o
                0x080006f8                led_init_all
                0x08000738                led_set
 .text          0x08000788      0x3dc main.o
                0x08000788                task_green
                0x080007c0                task_blue
                0x080007f8                task_orange
                0x08000820                task_red
                0x08000848                lcd_write_2digit
                0x0800087c                task_system_monitor
                0x08000a94                init_lcd
                0x08000b30                main
 .text          0x08000b64      0x490 scheduler.o
                0x08000b64                SysTick_Handler
                0x08000d00                scheduler_init
                0x08000da4                scheduler_start
                0x08000dec                switch_task
                0x08000e84                PendSV_Handler
                0x08000ed0                task_sleep_ms
                0x08000f1c                idle_task
                0x08000f24                set_task_state
                0x08000f58                get_task_state
                0x08000f7c                get_current_task
                0x08000f90                get_system_ticks
                0x08000fa4                get_context_switches
                0x08000fb8                get_task_ticks
 .text          0x08000ff4       0x74 startup.o
                0x08001000                Reset_Handler
                0x08001060                HardFault_Handler
 .text          0x08001068      0x1b0 syscall.o
                0x080010a4                SVC_Handler
                0x08001166                sys_yield
                0x08001174                sys_sleep
                0x0800118c                sys_get_task_id
                0x080011a6                sys_led_control
                0x080011ca                sys_ticks
                0x080011e2                sys_context_switches
                0x080011fa                sys_task_ticks
 *(.text*)
 *(.rodata)
 .rodata        0x08001218       0x20 led.o
 .rodata        0x08001238       0x33 main.o
 *(.rodata*)
                0x0800126b                        _sidata = LOADADDR (.data)

.glue_7         0x0800126c        0x0
 .glue_7        0x0800126c        0x0 linker stubs

.glue_7t        0x0800126c        0x0
 .glue_7t       0x0800126c        0x0 linker stubs

.vfp11_veneer   0x0800126c        0x0
 .vfp11_veneer  0x0800126c        0x0 linker stubs

.v4_bx          0x0800126c        0x0
 .v4_bx         0x0800126c        0x0 linker stubs

.iplt           0x0800126c        0x0
 .iplt          0x0800126c        0x0 lcd.o

.rel.dyn        0x0800126c        0x0
 .rel.iplt      0x0800126c        0x0 lcd.o

.data           0x20000000        0xc load address 0x0800126b
                0x20000000                        _sdata = .
 *(.data)
 .data          0x20000000        0x0 gpio.o
 .data          0x20000000        0x0 interrupts.o
 .data          0x20000000        0x0 lcd.o
 .data          0x20000000        0x0 led.o
 .data          0x20000000        0x1 main.o
 *fill*         0x20000001        0x3 
 .data          0x20000004        0x8 scheduler.o
 .data          0x2000000c        0x0 startup.o
 .data          0x2000000c        0x0 syscall.o
 *(.data*)
                0x2000000c                        _edata = .

.igot.plt       0x2000000c        0x0 load address 0x08001277
 .igot.plt      0x2000000c        0x0 lcd.o

.bss            0x2000000c      0x874 load address 0x08001277
                0x2000000c                        _sbss = .
 *(.bss)
 .bss           0x2000000c        0x0 gpio.o
 .bss           0x2000000c        0x1 interrupts.o
                0x2000000c                button_pressed
 *fill*         0x2000000d        0x3 
 .bss           0x20000010       0x10 lcd.o
 .bss           0x20000020        0x0 led.o
 .bss           0x20000020       0x14 main.o
 .bss           0x20000034      0x84c scheduler.o
 .bss           0x20000880        0x0 startup.o
 .bss           0x20000880        0x0 syscall.o
 *(.bss*)
 *(COMMON)
                0x20000880                        _ebss = .
                0x20020000                        _estack = 0x20020000
LOAD gpio.o
LOAD interrupts.o
LOAD lcd.o
LOAD led.o
LOAD main.o
LOAD scheduler.o
LOAD startup.o
LOAD syscall.o
OUTPUT(firmware.elf elf32-littlearm)
LOAD linker stubs

.debug_info     0x00000000     0x15c3
 .debug_info    0x00000000      0x1e9 gpio.o
 .debug_info    0x000001e9       0xc6 interrupts.o
 .debug_info    0x000002af      0x482 lcd.o
 .debug_info    0x00000731      0x21f led.o
 .debug_info    0x00000950      0x449 main.o
 .debug_info    0x00000d99      0x3e0 scheduler.o
 .debug_info    0x00001179      0x173 startup.o
 .debug_info    0x000012ec      0x2d7 syscall.o

.debug_abbrev   0x00000000      0x9f6
 .debug_abbrev  0x00000000       0xf2 gpio.o
 .debug_abbrev  0x000000f2       0x6c interrupts.o
 .debug_abbrev  0x0000015e      0x16c lcd.o
 .debug_abbrev  0x000002ca      0x123 led.o
 .debug_abbrev  0x000003ed      0x1d3 main.o
 .debug_abbrev  0x000005c0      0x1ac scheduler.o
 .debug_abbrev  0x0000076c      0x10b startup.o
 .debug_abbrev  0x00000877      0x17f syscall.o

.debug_aranges  0x00000000      0x100
 .debug_aranges
                0x00000000       0x20 gpio.o
 .debug_aranges
                0x00000020       0x20 interrupts.o
 .debug_aranges
                0x00000040       0x20 lcd.o
 .debug_aranges
                0x00000060       0x20 led.o
 .debug_aranges
                0x00000080       0x20 main.o
 .debug_aranges
                0x000000a0       0x20 scheduler.o
 .debug_aranges
                0x000000c0       0x20 startup.o
 .debug_aranges
                0x000000e0       0x20 syscall.o

.debug_line     0x00000000      0xfb6
 .debug_line    0x00000000      0x1f0 gpio.o
 .debug_line    0x000001f0      0x120 interrupts.o
 .debug_line    0x00000310      0x28b lcd.o
 .debug_line    0x0000059b      0x164 led.o
 .debug_line    0x000006ff      0x29c main.o
 .debug_line    0x0000099b      0x2c3 scheduler.o
 .debug_line    0x00000c5e      0x15b startup.o
 .debug_line    0x00000db9      0x1fd syscall.o

.debug_str      0x00000000      0x670
 .debug_str     0x00000000      0x670 gpio.o
                                0x1d5 (size before relaxing)
 .debug_str     0x00000670      0x17f interrupts.o
 .debug_str     0x00000670      0x27b lcd.o
 .debug_str     0x00000670      0x1e5 led.o
 .debug_str     0x00000670      0x349 main.o
 .debug_str     0x00000670      0x37e scheduler.o
 .debug_str     0x00000670      0x1ec startup.o
 .debug_str     0x00000670      0x279 syscall.o

.comment        0x00000000       0x45
 .comment       0x00000000       0x45 gpio.o
                                 0x46 (size before relaxing)
 .comment       0x00000045       0x46 interrupts.o
 .comment       0x00000045       0x46 lcd.o
 .comment       0x00000045       0x46 led.o
 .comment       0x00000045       0x46 main.o
 .comment       0x00000045       0x46 scheduler.o
 .comment       0x00000045       0x46 startup.o
 .comment       0x00000045       0x46 syscall.o

.ARM.attributes
                0x00000000       0x2e
 .ARM.attributes
                0x00000000       0x2e gpio.o
 .ARM.attributes
                0x0000002e       0x2e interrupts.o
 .ARM.attributes
                0x0000005c       0x2e lcd.o
 .ARM.attributes
                0x0000008a       0x2e led.o
 .ARM.attributes
                0x000000b8       0x2e main.o
 .ARM.attributes
                0x000000e6       0x2e scheduler.o
 .ARM.attributes
                0x00000114       0x2e startup.o
 .ARM.attributes
                0x00000142       0x2e syscall.o

.debug_frame    0x00000000      0x788
 .debug_frame   0x00000000       0x88 gpio.o
 .debug_frame   0x00000088       0x30 interrupts.o
 .debug_frame   0x000000b8      0x190 lcd.o
 .debug_frame   0x00000248       0x58 led.o
 .debug_frame   0x000002a0      0x10c main.o
 .debug_frame   0x000003ac      0x1e8 scheduler.o
 .debug_frame   0x00000594       0x68 startup.o
 .debug_frame   0x000005fc      0x18c syscall.o
